HD44780_F3.c:171:6:GPIO_SetBits	0	static
HD44780_F3.c:175:6:GPIO_ResetBits	0	static
HD44780_F3.c:181:6:hd44780_wr_hi_nibble	8	static
HD44780_F3.c:216:6:hd44780_wr_lo_nibble	8	static
HD44780_F3.c:250:6:hd44780_write	8	static
HD44780_F3.c:317:6:hd44780_wr_cmd	8	static
HD44780_F3.c:322:6:hd44780_wr_data	8	static
HD44780_F3.c:342:6:hd44780_Delay	0	static
HD44780_F3.c:364:6:HD44780_Init	40	static
HD44780_F3.c:441:6:HD44780_PutChar	0	static
HD44780_F3.c:461:6:HD44780_GotoXY	0	static
HD44780_F3.c:501:6:HD44780_PutStr	16	static
HD44780_F3.c:523:6:HD44780_ClrScr	0	static
