syscalls.c:54:6:initialise_monitor_handles	0	static
syscalls.c:58:5:_getpid	0	static
syscalls.c:64:5:_gettimeofday	0	static
syscalls.c:70:5:_kill	0	static
syscalls.c:76:6:_exit	0	static
syscalls.c:81:5:_write	32	static
syscalls.c:97:8:_sbrk	0	static
syscalls.c:113:5:_close	0	static
syscalls.c:120:5:_fstat	0	static
syscalls.c:126:5:_isatty	0	static
syscalls.c:132:5:_lseek	0	static
syscalls.c:138:5:_read	8	static
syscalls.c:144:5:_readlink	0	static
syscalls.c:150:5:_open	0	static
syscalls.c:156:5:_wait	0	static
syscalls.c:162:5:_unlink	0	static
syscalls.c:168:5:_times	0	static
syscalls.c:174:5:_stat	0	static
syscalls.c:180:5:_symlink	0	static
syscalls.c:186:5:_link	0	static
syscalls.c:192:5:_fork	0	static
syscalls.c:198:5:_execve	0	static
