stm32l4xx_hal_tim_ex.c:2216:13:TIM_CCxNChannelCmd	8	static
stm32l4xx_hal_tim_ex.c:262:13:HAL_TIMEx_HallSensor_MspInit	0	static
stm32l4xx_hal_tim_ex.c:157:19:HAL_TIMEx_HallSensor_Init	48	static
stm32l4xx_hal_tim_ex.c:277:13:HAL_TIMEx_HallSensor_MspDeInit	0	static
stm32l4xx_hal_tim_ex.c:235:19:HAL_TIMEx_HallSensor_DeInit	8	static
stm32l4xx_hal_tim_ex.c:292:19:HAL_TIMEx_HallSensor_Start	8	static
stm32l4xx_hal_tim_ex.c:313:19:HAL_TIMEx_HallSensor_Stop	8	static
stm32l4xx_hal_tim_ex.c:334:19:HAL_TIMEx_HallSensor_Start_IT	8	static
stm32l4xx_hal_tim_ex.c:358:19:HAL_TIMEx_HallSensor_Stop_IT	8	static
stm32l4xx_hal_tim_ex.c:384:19:HAL_TIMEx_HallSensor_Start_DMA	16	static
stm32l4xx_hal_tim_ex.c:431:19:HAL_TIMEx_HallSensor_Stop_DMA	8	static
stm32l4xx_hal_tim_ex.c:904:19:HAL_TIMEx_PWMN_Start	8	static
stm32l4xx_hal_tim_ex.c:487:19:HAL_TIMEx_OCN_Start	0	static
stm32l4xx_hal_tim_ex.c:963:19:HAL_TIMEx_PWMN_Start_IT	8	static
stm32l4xx_hal_tim_ex.c:547:19:HAL_TIMEx_OCN_Start_IT	0	static
stm32l4xx_hal_tim_ex.c:1030:19:HAL_TIMEx_PWMN_Stop_IT	8	static
stm32l4xx_hal_tim_ex.c:614:19:HAL_TIMEx_OCN_Stop_IT	0	static
stm32l4xx_hal_tim_ex.c:1106:19:HAL_TIMEx_PWMN_Start_DMA	16	static
stm32l4xx_hal_tim_ex.c:689:19:HAL_TIMEx_OCN_Start_DMA	0	static
stm32l4xx_hal_tim_ex.c:1221:19:HAL_TIMEx_PWMN_Stop_DMA	8	static
stm32l4xx_hal_tim_ex.c:804:19:HAL_TIMEx_OCN_Stop_DMA	0	static
stm32l4xx_hal_tim_ex.c:1308:19:HAL_TIMEx_OnePulseN_Start	8	static
stm32l4xx_hal_tim_ex.c:1333:19:HAL_TIMEx_OnePulseN_Stop	8	static
stm32l4xx_hal_tim_ex.c:933:19:HAL_TIMEx_PWMN_Stop	0	static
stm32l4xx_hal_tim_ex.c:517:19:HAL_TIMEx_OCN_Stop	0	static
stm32l4xx_hal_tim_ex.c:1362:19:HAL_TIMEx_OnePulseN_Start_IT	8	static
stm32l4xx_hal_tim_ex.c:1393:19:HAL_TIMEx_OnePulseN_Stop_IT	8	static
stm32l4xx_hal_tim_ex.c:1464:19:HAL_TIMEx_ConfigCommutationEvent	8	static
stm32l4xx_hal_tim_ex.c:1513:19:HAL_TIMEx_ConfigCommutationEvent_IT	8	static
stm32l4xx_hal_tim_ex.c:1566:19:HAL_TIMEx_ConfigCommutationEvent_DMA	8	static
stm32l4xx_hal_tim_ex.c:1610:19:HAL_TIMEx_MasterConfigSynchronization	12	static
stm32l4xx_hal_tim_ex.c:1671:19:HAL_TIMEx_ConfigBreakDeadTime	8	static
stm32l4xx_hal_tim_ex.c:1734:19:HAL_TIMEx_ConfigBreakInput	24	static
stm32l4xx_hal_tim_ex.c:2033:19:HAL_TIMEx_RemapConfig	8	static
stm32l4xx_hal_tim_ex.c:2083:19:HAL_TIMEx_GroupChannel5	0	static
stm32l4xx_hal_tim_ex.c:2132:13:HAL_TIMEx_CommutationCallback	0	static
stm32l4xx_hal_tim_ex.c:2195:6:TIMEx_DMACommutationCplt	8	static
stm32l4xx_hal_tim_ex.c:2147:13:HAL_TIMEx_BreakCallback	0	static
stm32l4xx_hal_tim_ex.c:2181:22:HAL_TIMEx_HallSensor_GetState	0	static
