stm32l4xx_hal_cortex.c:182:6:HAL_NVIC_SetPriorityGrouping	0	static
stm32l4xx_hal_cortex.c:204:6:HAL_NVIC_SetPriority	12	static
stm32l4xx_hal_cortex.c:226:6:HAL_NVIC_EnableIRQ	0	static
stm32l4xx_hal_cortex.c:242:6:HAL_NVIC_DisableIRQ	0	static
stm32l4xx_hal_cortex.c:255:6:HAL_NVIC_SystemReset	0	static
stm32l4xx_hal_cortex.c:268:10:HAL_SYSTICK_Config	0	static
stm32l4xx_hal_cortex.c:296:10:HAL_NVIC_GetPriorityGrouping	0	static
stm32l4xx_hal_cortex.c:323:6:HAL_NVIC_GetPriority	16	static
stm32l4xx_hal_cortex.c:338:6:HAL_NVIC_SetPendingIRQ	0	static
stm32l4xx_hal_cortex.c:353:10:HAL_NVIC_GetPendingIRQ	0	static
stm32l4xx_hal_cortex.c:366:6:HAL_NVIC_ClearPendingIRQ	0	static
stm32l4xx_hal_cortex.c:380:10:HAL_NVIC_GetActive	0	static
stm32l4xx_hal_cortex.c:394:6:HAL_SYSTICK_CLKSourceConfig	0	static
stm32l4xx_hal_cortex.c:421:13:HAL_SYSTICK_Callback	0	static
stm32l4xx_hal_cortex.c:412:6:HAL_SYSTICK_IRQHandler	8	static
stm32l4xx_hal_cortex.c:435:6:HAL_MPU_ConfigRegion	0	static
