stm32l4xx_hal_pwr_ex.c:126:10:HAL_PWREx_GetVoltageRange	0	static
stm32l4xx_hal_pwr_ex.c:153:19:HAL_PWREx_ControlVoltageScaling	0	static
stm32l4xx_hal_pwr_ex.c:202:6:HAL_PWREx_EnableBatteryCharging	0	static
stm32l4xx_hal_pwr_ex.c:218:6:HAL_PWREx_DisableBatteryCharging	0	static
stm32l4xx_hal_pwr_ex.c:230:6:HAL_PWREx_EnableVddUSB	0	static
stm32l4xx_hal_pwr_ex.c:240:6:HAL_PWREx_DisableVddUSB	0	static
stm32l4xx_hal_pwr_ex.c:273:6:HAL_PWREx_EnableInternalWakeUpLine	0	static
stm32l4xx_hal_pwr_ex.c:283:6:HAL_PWREx_DisableInternalWakeUpLine	0	static
stm32l4xx_hal_pwr_ex.c:311:19:HAL_PWREx_EnableGPIOPullUp	0	static
stm32l4xx_hal_pwr_ex.c:381:19:HAL_PWREx_DisableGPIOPullUp	0	static
stm32l4xx_hal_pwr_ex.c:450:19:HAL_PWREx_EnableGPIOPullDown	0	static
stm32l4xx_hal_pwr_ex.c:520:19:HAL_PWREx_DisableGPIOPullDown	0	static
stm32l4xx_hal_pwr_ex.c:578:6:HAL_PWREx_EnablePullUpPullDownConfig	0	static
stm32l4xx_hal_pwr_ex.c:590:6:HAL_PWREx_DisablePullUpPullDownConfig	0	static
stm32l4xx_hal_pwr_ex.c:603:6:HAL_PWREx_EnableSRAM2ContentRetention	0	static
stm32l4xx_hal_pwr_ex.c:615:6:HAL_PWREx_DisableSRAM2ContentRetention	0	static
stm32l4xx_hal_pwr_ex.c:669:6:HAL_PWREx_EnablePVM3	0	static
stm32l4xx_hal_pwr_ex.c:678:6:HAL_PWREx_DisablePVM3	0	static
stm32l4xx_hal_pwr_ex.c:688:6:HAL_PWREx_EnablePVM4	0	static
stm32l4xx_hal_pwr_ex.c:697:6:HAL_PWREx_DisablePVM4	0	static
stm32l4xx_hal_pwr_ex.c:717:19:HAL_PWREx_ConfigPVM	0	static
stm32l4xx_hal_pwr_ex.c:878:6:HAL_PWREx_EnableLowPowerRunMode	0	static
stm32l4xx_hal_pwr_ex.c:893:19:HAL_PWREx_DisableLowPowerRunMode	0	static
stm32l4xx_hal_pwr_ex.c:937:6:HAL_PWREx_EnterSTOP0Mode	0	static
stm32l4xx_hal_pwr_ex.c:988:6:HAL_PWREx_EnterSTOP1Mode	0	static
stm32l4xx_hal_pwr_ex.c:1040:6:HAL_PWREx_EnterSTOP2Mode	0	static
stm32l4xx_hal_pwr_ex.c:1082:6:HAL_PWREx_EnterSHUTDOWNMode	0	static
stm32l4xx_hal_pwr_ex.c:1188:13:HAL_PWREx_PVM3Callback	0	static
stm32l4xx_hal_pwr_ex.c:1199:13:HAL_PWREx_PVM4Callback	0	static
stm32l4xx_hal_pwr_ex.c:1107:6:HAL_PWREx_PVD_PVM_IRQHandler	8	static
