stm32l4xx_hal_dma.c:164:19:HAL_DMA_Init	12	static
stm32l4xx_hal_dma.c:269:19:HAL_DMA_DeInit	8	static
stm32l4xx_hal_dma.c:360:19:HAL_DMA_Start	20	static
stm32l4xx_hal_dma.c:403:19:HAL_DMA_Start_IT	20	static
stm32l4xx_hal_dma.c:457:19:HAL_DMA_Abort	0	static
stm32l4xx_hal_dma.c:494:19:HAL_DMA_Abort_IT	8	static
stm32l4xx_hal_dma.c:539:19:HAL_DMA_PollForTransfer	32	static
stm32l4xx_hal_dma.c:640:6:HAL_DMA_IRQHandler	12	static
stm32l4xx_hal_dma.c:730:19:HAL_DMA_RegisterCallback	8	static
stm32l4xx_hal_dma.c:781:19:HAL_DMA_UnRegisterCallback	0	static
stm32l4xx_hal_dma.c:859:22:HAL_DMA_GetState	0	static
stm32l4xx_hal_dma.c:871:10:HAL_DMA_GetError	0	static
