stm32l4xx_hal_pwr.c:105:6:HAL_PWR_DeInit	0	static
stm32l4xx_hal_pwr.c:123:6:HAL_PWR_EnableBkUpAccess	0	static
stm32l4xx_hal_pwr.c:133:6:HAL_PWR_DisableBkUpAccess	0	static
stm32l4xx_hal_pwr.c:330:19:HAL_PWR_ConfigPVD	0	static
stm32l4xx_hal_pwr.c:376:6:HAL_PWR_EnablePVD	0	static
stm32l4xx_hal_pwr.c:385:6:HAL_PWR_DisablePVD	0	static
stm32l4xx_hal_pwr.c:410:6:HAL_PWR_EnableWakeUpPin	0	static
stm32l4xx_hal_pwr.c:431:6:HAL_PWR_DisableWakeUpPin	0	static
stm32l4xx_hal_pwr.c:463:6:HAL_PWR_EnterSLEEPMode	8	static
stm32l4xx_hal_pwr.c:539:6:HAL_PWR_EnterSTOPMode	0	static
stm32l4xx_hal_pwr.c:572:6:HAL_PWR_EnterSTANDBYMode	0	static
stm32l4xx_hal_pwr.c:598:6:HAL_PWR_EnableSleepOnExit	0	static
stm32l4xx_hal_pwr.c:611:6:HAL_PWR_DisableSleepOnExit	0	static
stm32l4xx_hal_pwr.c:625:6:HAL_PWR_EnableSEVOnPend	0	static
stm32l4xx_hal_pwr.c:638:6:HAL_PWR_DisableSEVOnPend	0	static
stm32l4xx_hal_pwr.c:652:13:HAL_PWR_PVDCallback	0	static
