stm32l4xx_hal_uart.c:2383:13:UART_EndRxTransfer	0	static
stm32l4xx_hal_uart.c:542:13:HAL_UART_MspInit	0	static
stm32l4xx_hal_uart.c:557:13:HAL_UART_MspDeInit	0	static
stm32l4xx_hal_uart.c:504:19:HAL_UART_DeInit	16	static
stm32l4xx_hal_uart.c:796:19:HAL_UART_Transmit_IT	0	static
stm32l4xx_hal_uart.c:837:19:HAL_UART_Receive_IT	0	static
stm32l4xx_hal_uart.c:884:19:HAL_UART_Transmit_DMA	16	static
stm32l4xx_hal_uart.c:946:19:HAL_UART_Receive_DMA	16	static
stm32l4xx_hal_uart.c:1006:19:HAL_UART_DMAPause	0	static
stm32l4xx_hal_uart.c:1039:19:HAL_UART_DMAResume	0	static
stm32l4xx_hal_uart.c:1073:19:HAL_UART_DMAStop	8	static
stm32l4xx_hal_uart.c:1127:19:HAL_UART_Abort	8	static
stm32l4xx_hal_uart.c:1194:19:HAL_UART_AbortTransmit	8	static
stm32l4xx_hal_uart.c:1236:19:HAL_UART_AbortReceive	8	static
stm32l4xx_hal_uart.c:1690:13:HAL_UART_TxCpltCallback	0	static
stm32l4xx_hal_uart.c:2399:13:UART_DMATransmitCplt	8	static
stm32l4xx_hal_uart.c:1705:13:HAL_UART_TxHalfCpltCallback	0	static
stm32l4xx_hal_uart.c:2428:13:UART_DMATxHalfCplt	8	static
stm32l4xx_hal_uart.c:1720:13:HAL_UART_RxCpltCallback	0	static
stm32l4xx_hal_uart.c:2440:13:UART_DMAReceiveCplt	8	static
stm32l4xx_hal_uart.c:2722:26:UART_Receive_IT	8	static
stm32l4xx_hal_uart.c:1735:13:HAL_UART_RxHalfCpltCallback	0	static
stm32l4xx_hal_uart.c:2469:13:UART_DMARxHalfCplt	8	static
stm32l4xx_hal_uart.c:1750:13:HAL_UART_ErrorCallback	0	static
stm32l4xx_hal_uart.c:2481:13:UART_DMAError	8	static
stm32l4xx_hal_uart.c:1537:6:HAL_UART_IRQHandler	16	static
stm32l4xx_hal_uart.c:2511:13:UART_DMAAbortOnError	8	static
stm32l4xx_hal_uart.c:1765:13:HAL_UART_AbortCpltCallback	0	static
stm32l4xx_hal_uart.c:1284:19:HAL_UART_Abort_IT	8	static
stm32l4xx_hal_uart.c:2570:13:UART_DMARxAbortCallback	8	static
stm32l4xx_hal_uart.c:2528:13:UART_DMATxAbortCallback	8	static
stm32l4xx_hal_uart.c:1780:13:HAL_UART_AbortTransmitCpltCallback	0	static
stm32l4xx_hal_uart.c:1409:19:HAL_UART_AbortTransmit_IT	8	static
stm32l4xx_hal_uart.c:2612:13:UART_DMATxOnlyAbortCallback	8	static
stm32l4xx_hal_uart.c:1795:13:HAL_UART_AbortReceiveCpltCallback	0	static
stm32l4xx_hal_uart.c:1474:19:HAL_UART_AbortReceive_IT	8	static
stm32l4xx_hal_uart.c:2633:13:UART_DMARxOnlyAbortCallback	8	static
stm32l4xx_hal_uart.c:1879:6:HAL_MultiProcessor_EnterMuteMode	0	static
stm32l4xx_hal_uart.c:1889:19:HAL_HalfDuplex_EnableTransmitter	0	static
stm32l4xx_hal_uart.c:1913:19:HAL_HalfDuplex_EnableReceiver	0	static
stm32l4xx_hal_uart.c:1937:19:HAL_LIN_SendBreak	0	static
stm32l4xx_hal_uart.c:1985:23:HAL_UART_GetState	0	static
stm32l4xx_hal_uart.c:2000:10:HAL_UART_GetError	0	static
stm32l4xx_hal_uart.c:2021:19:UART_SetConfig	24	static
stm32l4xx_hal_uart.c:2212:6:UART_AdvFeatureConfig	8	static
stm32l4xx_hal_uart.c:2336:19:UART_WaitOnFlagUntilTimeout	24	static
stm32l4xx_hal_uart.c:656:19:HAL_UART_Transmit	32	static
stm32l4xx_hal_uart.c:725:19:HAL_UART_Receive	32	static
stm32l4xx_hal_uart.c:2286:19:UART_CheckIdleState	24	static
stm32l4xx_hal_uart.c:227:19:HAL_UART_Init	8	static
stm32l4xx_hal_uart.c:290:19:HAL_HalfDuplex_Init	8	static
stm32l4xx_hal_uart.c:353:19:HAL_LIN_Init	16	static
stm32l4xx_hal_uart.c:440:19:HAL_MultiProcessor_Init	16	static
stm32l4xx_hal_uart.c:1837:19:HAL_MultiProcessor_EnableMuteMode	0	static
stm32l4xx_hal_uart.c:1858:19:HAL_MultiProcessor_DisableMuteMode	0	static
