stm32l4xx_hal_adc.c:834:13:HAL_ADC_MspInit	0	static
stm32l4xx_hal_adc.c:375:19:HAL_ADC_Init	32	static
stm32l4xx_hal_adc.c:850:13:HAL_ADC_MspDeInit	0	static
stm32l4xx_hal_adc.c:1049:19:HAL_ADC_PollForConversion	24	static
stm32l4xx_hal_adc.c:1206:19:HAL_ADC_PollForEvent	24	static
stm32l4xx_hal_adc.c:1767:10:HAL_ADC_GetValue	0	static
stm32l4xx_hal_adc.c:2101:13:HAL_ADC_ConvCpltCallback	0	static
stm32l4xx_hal_adc.c:2116:13:HAL_ADC_ConvHalfCpltCallback	0	static
stm32l4xx_hal_adc.c:3055:6:ADC_DMAHalfConvCplt	8	static
stm32l4xx_hal_adc.c:2131:13:HAL_ADC_LevelOutOfWindowCallback	0	static
stm32l4xx_hal_adc.c:2153:13:HAL_ADC_ErrorCallback	0	static
stm32l4xx_hal_adc.c:1784:6:HAL_ADC_IRQHandler	16	static
stm32l4xx_hal_adc.c:2993:6:ADC_DMAConvCplt	8	static
stm32l4xx_hal_adc.c:3069:6:ADC_DMAError	8	static
stm32l4xx_hal_adc.c:2199:19:HAL_ADC_ConfigChannel	32	static
stm32l4xx_hal_adc.c:2502:19:HAL_ADC_AnalogWDGConfig	20	static
stm32l4xx_hal_adc.c:2712:10:HAL_ADC_GetState	0	static
stm32l4xx_hal_adc.c:2726:10:HAL_ADC_GetError	0	static
stm32l4xx_hal_adc.c:2756:19:ADC_ConversionStop	16	static
stm32l4xx_hal_adc.c:2876:19:ADC_Enable	16	static
stm32l4xx_hal_adc.c:895:19:HAL_ADC_Start	16	static
stm32l4xx_hal_adc.c:1348:19:HAL_ADC_Start_IT	16	static
stm32l4xx_hal_adc.c:1563:19:HAL_ADC_Start_DMA	24	static
stm32l4xx_hal_adc.c:2939:19:ADC_Disable	16	static
stm32l4xx_hal_adc.c:655:19:HAL_ADC_DeInit	8	static
stm32l4xx_hal_adc.c:1001:19:HAL_ADC_Stop	8	static
stm32l4xx_hal_adc.c:1510:19:HAL_ADC_Stop_IT	8	static
stm32l4xx_hal_adc.c:1685:19:HAL_ADC_Stop_DMA	16	static
