stm32l4xx_hal_adc_ex.c:152:19:HAL_ADCEx_Calibration_Start	16	static
stm32l4xx_hal_adc_ex.c:226:10:HAL_ADCEx_Calibration_GetValue	0	static
stm32l4xx_hal_adc_ex.c:253:19:HAL_ADCEx_Calibration_SetValue	20	static
stm32l4xx_hal_adc_ex.c:307:19:HAL_ADCEx_InjectedStart	8	static
stm32l4xx_hal_adc_ex.c:434:19:HAL_ADCEx_InjectedStop	8	static
stm32l4xx_hal_adc_ex.c:488:19:HAL_ADCEx_InjectedPollForConversion	24	static
stm32l4xx_hal_adc_ex.c:639:19:HAL_ADCEx_InjectedStart_IT	8	static
stm32l4xx_hal_adc_ex.c:787:19:HAL_ADCEx_InjectedStop_IT	8	static
stm32l4xx_hal_adc_ex.c:1117:10:HAL_ADCEx_InjectedGetValue	0	static
stm32l4xx_hal_adc_ex.c:1152:13:HAL_ADCEx_InjectedConvCpltCallback	0	static
stm32l4xx_hal_adc_ex.c:1171:13:HAL_ADCEx_InjectedQueueOverflowCallback	0	static
stm32l4xx_hal_adc_ex.c:1186:13:HAL_ADCEx_LevelOutOfWindow2Callback	0	static
stm32l4xx_hal_adc_ex.c:1201:13:HAL_ADCEx_LevelOutOfWindow3Callback	0	static
stm32l4xx_hal_adc_ex.c:1217:13:HAL_ADCEx_EndOfSamplingCallback	0	static
stm32l4xx_hal_adc_ex.c:1236:19:HAL_ADCEx_RegularStop	8	static
stm32l4xx_hal_adc_ex.c:1293:19:HAL_ADCEx_RegularStop_IT	8	static
stm32l4xx_hal_adc_ex.c:1352:19:HAL_ADCEx_RegularStop_DMA	16	static
stm32l4xx_hal_adc_ex.c:1608:19:HAL_ADCEx_InjectedConfigChannel	24	static
stm32l4xx_hal_adc_ex.c:2204:19:HAL_ADCEx_EnableInjectedQueue	0	static
stm32l4xx_hal_adc_ex.c:2231:19:HAL_ADCEx_DisableInjectedQueue	0	static
stm32l4xx_hal_adc_ex.c:2254:19:HAL_ADCEx_DisableVoltageRegulator	0	static
stm32l4xx_hal_adc_ex.c:2284:19:HAL_ADCEx_EnterADCDeepPowerDownMode	0	static
