stm32l4xx_hal.c:225:13:HAL_MspInit	0	static
stm32l4xx_hal.c:236:13:HAL_MspDeInit	0	static
stm32l4xx_hal.c:196:19:HAL_DeInit	8	static
stm32l4xx_hal.c:259:26:HAL_InitTick	8	static
stm32l4xx_hal.c:159:19:HAL_Init	8	static
stm32l4xx_hal.c:304:13:HAL_IncTick	0	static
stm32l4xx_hal.c:315:17:HAL_GetTick	0	static
stm32l4xx_hal.c:330:13:HAL_Delay	16	static
stm32l4xx_hal.c:349:13:HAL_SuspendTick	0	static
stm32l4xx_hal.c:365:13:HAL_ResumeTick	0	static
stm32l4xx_hal.c:375:10:HAL_GetHalVersion	0	static
stm32l4xx_hal.c:384:10:HAL_GetREVID	0	static
stm32l4xx_hal.c:393:10:HAL_GetDEVID	0	static
stm32l4xx_hal.c:422:6:HAL_DBGMCU_EnableDBGSleepMode	0	static
stm32l4xx_hal.c:431:6:HAL_DBGMCU_DisableDBGSleepMode	0	static
stm32l4xx_hal.c:440:6:HAL_DBGMCU_EnableDBGStopMode	0	static
stm32l4xx_hal.c:449:6:HAL_DBGMCU_DisableDBGStopMode	0	static
stm32l4xx_hal.c:458:6:HAL_DBGMCU_EnableDBGStandbyMode	0	static
stm32l4xx_hal.c:467:6:HAL_DBGMCU_DisableDBGStandbyMode	0	static
stm32l4xx_hal.c:500:6:HAL_SYSCFG_SRAM2Erase	0	static
stm32l4xx_hal.c:519:6:HAL_SYSCFG_EnableMemorySwappingBank	0	static
stm32l4xx_hal.c:534:6:HAL_SYSCFG_DisableMemorySwappingBank	0	static
stm32l4xx_hal.c:628:6:HAL_SYSCFG_EnableIOAnalogSwitchBooster	0	static
stm32l4xx_hal.c:638:6:HAL_SYSCFG_DisableIOAnalogSwitchBooster	0	static
