stm32l4xx_hal_tim.c:4759:13:TIM_OC1_SetConfig	16	static
stm32l4xx_hal_tim.c:4909:13:TIM_OC3_SetConfig	12	static
stm32l4xx_hal_tim.c:4983:13:TIM_OC4_SetConfig	12	static
stm32l4xx_hal_tim.c:5041:13:TIM_OC5_SetConfig	12	static
stm32l4xx_hal_tim.c:5094:13:TIM_OC6_SetConfig	12	static
stm32l4xx_hal_tim.c:264:13:HAL_TIM_Base_MspInit	0	static
stm32l4xx_hal_tim.c:279:13:HAL_TIM_Base_MspDeInit	0	static
stm32l4xx_hal_tim.c:237:19:HAL_TIM_Base_DeInit	8	static
stm32l4xx_hal_tim.c:295:19:HAL_TIM_Base_Start	0	static
stm32l4xx_hal_tim.c:318:19:HAL_TIM_Base_Stop	0	static
stm32l4xx_hal_tim.c:341:19:HAL_TIM_Base_Start_IT	0	static
stm32l4xx_hal_tim.c:361:19:HAL_TIM_Base_Stop_IT	0	static
stm32l4xx_hal_tim.c:382:19:HAL_TIM_Base_Start_DMA	8	static
stm32l4xx_hal_tim.c:426:19:HAL_TIM_Base_Stop_DMA	0	static
stm32l4xx_hal_tim.c:541:13:HAL_TIM_OC_MspInit	0	static
stm32l4xx_hal_tim.c:556:13:HAL_TIM_OC_MspDeInit	0	static
stm32l4xx_hal_tim.c:514:19:HAL_TIM_OC_DeInit	8	static
stm32l4xx_hal_tim.c:1059:13:HAL_TIM_PWM_MspInit	0	static
stm32l4xx_hal_tim.c:1074:13:HAL_TIM_PWM_MspDeInit	0	static
stm32l4xx_hal_tim.c:1032:19:HAL_TIM_PWM_DeInit	8	static
stm32l4xx_hal_tim.c:1572:13:HAL_TIM_IC_MspInit	0	static
stm32l4xx_hal_tim.c:1587:13:HAL_TIM_IC_MspDeInit	0	static
stm32l4xx_hal_tim.c:1545:19:HAL_TIM_IC_DeInit	8	static
stm32l4xx_hal_tim.c:2054:13:HAL_TIM_OnePulse_MspInit	0	static
stm32l4xx_hal_tim.c:2069:13:HAL_TIM_OnePulse_MspDeInit	0	static
stm32l4xx_hal_tim.c:2027:19:HAL_TIM_OnePulse_DeInit	8	static
stm32l4xx_hal_tim.c:2088:19:HAL_TIM_OnePulse_Start	0	static
stm32l4xx_hal_tim.c:2124:19:HAL_TIM_OnePulse_Stop	0	static
stm32l4xx_hal_tim.c:2160:19:HAL_TIM_OnePulse_Start_IT	0	static
stm32l4xx_hal_tim.c:2202:19:HAL_TIM_OnePulse_Stop_IT	0	static
stm32l4xx_hal_tim.c:2382:13:HAL_TIM_Encoder_MspInit	0	static
stm32l4xx_hal_tim.c:2397:13:HAL_TIM_Encoder_MspDeInit	0	static
stm32l4xx_hal_tim.c:2355:19:HAL_TIM_Encoder_DeInit	8	static
stm32l4xx_hal_tim.c:2417:19:HAL_TIM_Encoder_Start	0	static
stm32l4xx_hal_tim.c:2461:19:HAL_TIM_Encoder_Stop	0	static
stm32l4xx_hal_tim.c:2507:19:HAL_TIM_Encoder_Start_IT	0	static
stm32l4xx_hal_tim.c:2557:19:HAL_TIM_Encoder_Stop_IT	0	static
stm32l4xx_hal_tim.c:2611:19:HAL_TIM_Encoder_Start_DMA	24	static
stm32l4xx_hal_tim.c:2728:19:HAL_TIM_Encoder_Stop_DMA	0	static
stm32l4xx_hal_tim.c:3436:19:HAL_TIM_DMABurst_WriteStart	24	static
stm32l4xx_hal_tim.c:3659:19:HAL_TIM_DMABurst_ReadStart	24	static
stm32l4xx_hal_tim.c:3791:19:HAL_TIM_DMABurst_ReadStop	16	static
stm32l4xx_hal_tim.c:3567:19:HAL_TIM_DMABurst_WriteStop	0	static
stm32l4xx_hal_tim.c:3862:19:HAL_TIM_GenerateEvent	0	static
stm32l4xx_hal_tim.c:4242:19:HAL_TIM_ConfigTI1Input	0	static
stm32l4xx_hal_tim.c:4347:10:HAL_TIM_ReadCapturedValue	0	static
stm32l4xx_hal_tim.c:4434:13:HAL_TIM_PeriodElapsedCallback	0	static
stm32l4xx_hal_tim.c:4685:13:TIM_DMAPeriodElapsedCplt	8	static
stm32l4xx_hal_tim.c:4449:13:HAL_TIM_OC_DelayElapsedCallback	0	static
stm32l4xx_hal_tim.c:4463:13:HAL_TIM_IC_CaptureCallback	0	static
stm32l4xx_hal_tim.c:4652:6:TIM_DMACaptureCplt	8	static
stm32l4xx_hal_tim.c:4478:13:HAL_TIM_PWM_PulseFinishedCallback	0	static
stm32l4xx_hal_tim.c:4620:6:TIM_DMADelayPulseCplt	8	static
stm32l4xx_hal_tim.c:4493:13:HAL_TIM_TriggerCallback	0	static
stm32l4xx_hal_tim.c:2790:6:HAL_TIM_IRQHandler	8	static
stm32l4xx_hal_tim.c:4699:13:TIM_DMATriggerCplt	8	static
stm32l4xx_hal_tim.c:4508:13:HAL_TIM_ErrorCallback	0	static
stm32l4xx_hal_tim.c:4606:6:TIM_DMAError	8	static
stm32l4xx_hal_tim.c:4542:22:HAL_TIM_Base_GetState	0	static
stm32l4xx_hal_tim.c:4552:22:HAL_TIM_OC_GetState	0	static
stm32l4xx_hal_tim.c:4562:22:HAL_TIM_PWM_GetState	0	static
stm32l4xx_hal_tim.c:4572:22:HAL_TIM_IC_GetState	0	static
stm32l4xx_hal_tim.c:4582:22:HAL_TIM_OnePulse_GetState	0	static
stm32l4xx_hal_tim.c:4592:22:HAL_TIM_Encoder_GetState	0	static
stm32l4xx_hal_tim.c:4714:6:TIM_Base_SetConfig	8	static
stm32l4xx_hal_tim.c:198:19:HAL_TIM_Base_Init	8	static
stm32l4xx_hal_tim.c:475:19:HAL_TIM_OC_Init	8	static
stm32l4xx_hal_tim.c:993:19:HAL_TIM_PWM_Init	8	static
stm32l4xx_hal_tim.c:1506:19:HAL_TIM_IC_Init	8	static
stm32l4xx_hal_tim.c:1981:19:HAL_TIM_OnePulse_Init	16	static
stm32l4xx_hal_tim.c:2265:19:HAL_TIM_Encoder_Init	24	static
stm32l4xx_hal_tim.c:4833:6:TIM_OC2_SetConfig	12	static
stm32l4xx_hal_tim.c:2955:19:HAL_TIM_OC_ConfigChannel	8	static
stm32l4xx_hal_tim.c:3154:19:HAL_TIM_PWM_ConfigChannel	16	static
stm32l4xx_hal_tim.c:5286:6:TIM_TI1_SetConfig	16	static
stm32l4xx_hal_tim.c:3055:19:HAL_TIM_IC_ConfigChannel	24	static
stm32l4xx_hal_tim.c:3299:19:HAL_TIM_OnePulse_ConfigChannel	48	static
stm32l4xx_hal_tim.c:5580:6:TIM_ETR_SetConfig	8	static
stm32l4xx_hal_tim.c:3901:19:HAL_TIM_ConfigOCrefClear	16	static
stm32l4xx_hal_tim.c:4062:19:HAL_TIM_ConfigClockSource	16	static
stm32l4xx_hal_tim.c:5142:13:TIM_SlaveTimer_SetConfig	8	static
stm32l4xx_hal_tim.c:4274:19:HAL_TIM_SlaveConfigSynchronization	16	static
stm32l4xx_hal_tim.c:4309:19:HAL_TIM_SlaveConfigSynchronization_IT	16	static
stm32l4xx_hal_tim.c:5610:6:TIM_CCxChannelCmd	8	static
stm32l4xx_hal_tim.c:613:19:HAL_TIM_OC_Stop	8	static
stm32l4xx_hal_tim.c:1097:19:HAL_TIM_PWM_Start	8	static
stm32l4xx_hal_tim.c:579:19:HAL_TIM_OC_Start	0	static
stm32l4xx_hal_tim.c:1131:19:HAL_TIM_PWM_Stop	8	static
stm32l4xx_hal_tim.c:1166:19:HAL_TIM_PWM_Start_IT	8	static
stm32l4xx_hal_tim.c:647:19:HAL_TIM_OC_Start_IT	0	static
stm32l4xx_hal_tim.c:1232:19:HAL_TIM_PWM_Stop_IT	8	static
stm32l4xx_hal_tim.c:715:19:HAL_TIM_OC_Stop_IT	0	static
stm32l4xx_hal_tim.c:1300:19:HAL_TIM_PWM_Start_DMA	16	static
stm32l4xx_hal_tim.c:785:19:HAL_TIM_OC_Start_DMA	0	static
stm32l4xx_hal_tim.c:1417:19:HAL_TIM_PWM_Stop_DMA	8	static
stm32l4xx_hal_tim.c:904:19:HAL_TIM_OC_Stop_DMA	0	static
stm32l4xx_hal_tim.c:1608:19:HAL_TIM_IC_Start	8	static
stm32l4xx_hal_tim.c:1634:19:HAL_TIM_IC_Stop	8	static
stm32l4xx_hal_tim.c:1660:19:HAL_TIM_IC_Start_IT	8	static
stm32l4xx_hal_tim.c:1719:19:HAL_TIM_IC_Stop_IT	8	static
stm32l4xx_hal_tim.c:1781:19:HAL_TIM_IC_Start_DMA	16	static
stm32l4xx_hal_tim.c:1894:19:HAL_TIM_IC_Stop_DMA	8	static
